2020/05/15
               *** super_code v2 ***

system 1
--------
sites: H(1.23, 0, 0), H(-1.23, 0, 0), O(0, 0.33, 0)
latice: (0, 0, 0), (1, 0, 0), (1, 1, 0)
energy: 1.29372

*** This was done with magic source                                ***
***                                xÂ°42                            ***


system 2
--------
sites: H(1.23, 0, 0), H(-1.23, 0, 0), O(0, 0.33, 0)
cell: (0, 0, 0), (1, 0, 0), (1, 1, 0)
energy: 1.29372